The plugin "vite-tsconfig-paths" is detected. Vite now supports tsconfig paths resolution natively via the resolve.tsconfigPaths option. You can remove the plugin and set resolve.tsconfigPaths: true in your Vite config instead.
The plugin "vite-tsconfig-paths" is detected. Vite now supports tsconfig paths resolution natively via the resolve.tsconfigPaths option. You can remove the plugin and set resolve.tsconfigPaths: true in your Vite config instead.
The plugin "vite-tsconfig-paths" is detected. Vite now supports tsconfig paths resolution natively via the resolve.tsconfigPaths option. You can remove the plugin and set resolve.tsconfigPaths: true in your Vite config instead.

 RUN  v4.1.8 /Users/guanjieqiao/dsh-first100-integration

 ❯ |thread-safe| tests/architecture/layer-deps.spec.ts (3 tests | 1 failed) 277ms
     × layering doc exists 7ms

⎯⎯⎯⎯⎯⎯⎯ Failed Tests 1 ⎯⎯⎯⎯⎯⎯⎯

 FAIL  |thread-safe| tests/architecture/layer-deps.spec.ts > P0-04 Layer dependency rules > layering doc exists
AssertionError: expected false to be true // Object.is equality

- Expected
+ Received

- true
+ false

 ❯ tests/architecture/layer-deps.spec.ts:10:74
      8|      const { fileURLToPath } = await import('node:url')
      9|      const repoRoot = join(fileURLToPath(import.meta.url), '..', '..',…
     10|      expect(existsSync(join(repoRoot, 'docs/architecture/layering.md')…
       |                                                                          ^
     11|    })
     12|

⎯⎯⎯⎯⎯⎯⎯⎯⎯⎯⎯⎯⎯⎯⎯⎯⎯⎯⎯⎯⎯⎯⎯⎯[1/1]⎯


 Test Files  1 failed (1)
      Tests  1 failed | 2 passed (3)
   Start at  21:39:43
   Duration  773ms (transform 241ms, setup 271ms, import 16ms, tests 277ms, environment 0ms)
