packages/action/action-manifest/tests/manifest.spec.ts(2,122): error TS6305: Output file '/Users/guanjieqiao/dsh-first100-integration/packages/action/action-manifest/lib/types/index.d.ts' has not been built from source file '/Users/guanjieqiao/dsh-first100-integration/packages/action/action-manifest/src/index.ts'.
packages/memory/memory/tests/conformance.spec.ts(2,53): error TS6305: Output file '/Users/guanjieqiao/dsh-first100-integration/packages/memory/memory/lib/types/index.d.ts' has not been built from source file '/Users/guanjieqiao/dsh-first100-integration/packages/memory/memory/src/index.ts'.
packages/plugin/plugin-compat/tests/solver.spec.ts(2,46): error TS6305: Output file '/Users/guanjieqiao/dsh-first100-integration/packages/plugin/plugin-compat/lib/types/index.d.ts' has not been built from source file '/Users/guanjieqiao/dsh-first100-integration/packages/plugin/plugin-compat/src/index.ts'.
packages/plugin/plugin-compat/tests/solver.spec.ts(27,34): error TS7006: Parameter 'c' implicitly has an 'any' type.
packages/plugin/plugin-compat/tests/solver.spec.ts(44,34): error TS7006: Parameter 'c' implicitly has an 'any' type.
packages/plugin/plugin-compat/tests/solver.spec.ts(53,34): error TS7006: Parameter 'c' implicitly has an 'any' type.
packages/plugin/plugin-ownership/tests/ownership.spec.ts(11,8): error TS6305: Output file '/Users/guanjieqiao/dsh-first100-integration/packages/plugin/plugin-ownership/lib/types/index.d.ts' has not been built from source file '/Users/guanjieqiao/dsh-first100-integration/packages/plugin/plugin-ownership/src/index.ts'.
packages/plugin/plugin-ownership/tests/ownership.spec.ts(26,27): error TS7006: Parameter 'c' implicitly has an 'any' type.
packages/plugin/plugin-ownership/tests/ownership.spec.ts(32,27): error TS7006: Parameter 'c' implicitly has an 'any' type.
packages/plugin/plugin-ownership/tests/ownership.spec.ts(38,27): error TS7006: Parameter 'c' implicitly has an 'any' type.
packages/plugin/plugin-provenance/tests/provenance.spec.ts(10,8): error TS6305: Output file '/Users/guanjieqiao/dsh-first100-integration/packages/plugin/plugin-provenance/lib/types/index.d.ts' has not been built from source file '/Users/guanjieqiao/dsh-first100-integration/packages/plugin/plugin-provenance/src/index.ts'.
packages/policy/capability-token/tests/token.spec.ts(2,116): error TS6305: Output file '/Users/guanjieqiao/dsh-first100-integration/packages/policy/capability-token/lib/types/index.d.ts' has not been built from source file '/Users/guanjieqiao/dsh-first100-integration/packages/policy/capability-token/src/index.ts'.
packages/run/run/tests/recovery.spec.ts(6,62): error TS6305: Output file '/Users/guanjieqiao/dsh-first100-integration/packages/run/run/lib/types/index.d.ts' has not been built from source file '/Users/guanjieqiao/dsh-first100-integration/packages/run/run/src/index.ts'.
packages/run/run/tests/state-machine.spec.ts(2,95): error TS6305: Output file '/Users/guanjieqiao/dsh-first100-integration/packages/run/run/lib/types/index.d.ts' has not been built from source file '/Users/guanjieqiao/dsh-first100-integration/packages/run/run/src/index.ts'.
packages/session/session-lifecycle/tests/lifecycle.spec.ts(2,124): error TS6305: Output file '/Users/guanjieqiao/dsh-first100-integration/packages/session/session-lifecycle/lib/types/index.d.ts' has not been built from source file '/Users/guanjieqiao/dsh-first100-integration/packages/session/session-lifecycle/src/index.ts'.
packages/session/session-lifecycle/tests/lifecycle.spec.ts(38,28): error TS7006: Parameter 's' implicitly has an 'any' type.
packages/session/session-lifecycle/tests/lifecycle.spec.ts(39,28): error TS7006: Parameter 's' implicitly has an 'any' type.
packages/session/session-lifecycle/tests/lifecycle.spec.ts(45,57): error TS7006: Parameter 'id' implicitly has an 'any' type.
packages/session/session-lifecycle/tests/lifecycle.spec.ts(55,45): error TS7006: Parameter 'n' implicitly has an 'any' type.
packages/workspace/workspace-trust/tests/trust.spec.ts(2,128): error TS6305: Output file '/Users/guanjieqiao/dsh-first100-integration/packages/workspace/workspace-trust/lib/types/index.d.ts' has not been built from source file '/Users/guanjieqiao/dsh-first100-integration/packages/workspace/workspace-trust/src/index.ts'.
