$ npm run build:lib:host && npm run typecheck:contracts-ready
npm warn Unknown env config "manage-package-manager-versions". This will stop working in the next major version of npm. See `npm help npmrc` for supported config options.
[33m[PLUGIN_TIMINGS] [0mYour build spent significant time in plugin `dsh-typert-generator`. See https://rolldown.rs/options/checks#plugintimings for more details.

[33m[PLUGIN_TIMINGS] [0mYour build spent significant time in plugin `dsh-typert-generator`. See https://rolldown.rs/options/checks#plugintimings for more details.

[33m[PLUGIN_TIMINGS] [0mYour build spent significant time in plugin `dsh-typert-generator`. See https://rolldown.rs/options/checks#plugintimings for more details.

[33m[PLUGIN_TIMINGS] [0mYour build spent significant time in plugin `dsh-typert-generator`. See https://rolldown.rs/options/checks#plugintimings for more details.

[33m[PLUGIN_TIMINGS] [0mYour build spent significant time in plugin `dsh-typert-generator`. See https://rolldown.rs/options/checks#plugintimings for more details.

[33m[PLUGIN_TIMINGS] [0mYour build spent significant time in plugin `dsh-typert-generator`. See https://rolldown.rs/options/checks#plugintimings for more details.

[33m[PLUGIN_TIMINGS] [0mYour build spent significant time in plugin `dsh-typert-generator`. See https://rolldown.rs/options/checks#plugintimings for more details.

[33m[PLUGIN_TIMINGS] [0mYour build spent significant time in plugin `dsh-typert-generator`. See https://rolldown.rs/options/checks#plugintimings for more details.

[33m[PLUGIN_TIMINGS] [0mYour build spent significant time in plugin `tsdown:report`. See https://rolldown.rs/options/checks#plugintimings for more details.

[33m[PLUGIN_TIMINGS] [0mYour build spent significant time in plugin `tsdown:report`. See https://rolldown.rs/options/checks#plugintimings for more details.

[33m[PLUGIN_TIMINGS] [0mYour build spent significant time in plugin `tsdown:report`. See https://rolldown.rs/options/checks#plugintimings for more details.

[33m[PLUGIN_TIMINGS] [0mYour build spent significant time in plugin `tsdown:report`. See https://rolldown.rs/options/checks#plugintimings for more details.

[33m[PLUGIN_TIMINGS] [0mYour build spent significant time in plugin `tsdown:report`. See https://rolldown.rs/options/checks#plugintimings for more details.

[33m[PLUGIN_TIMINGS] [0mYour build spent significant time in plugin `tsdown:report`. See https://rolldown.rs/options/checks#plugintimings for more details.

[33m[PLUGIN_TIMINGS] [0mYour build spent significant time in plugin `tsdown:report`. See https://rolldown.rs/options/checks#plugintimings for more details.

[33m[PLUGIN_TIMINGS] [0mYour build spent significant time in plugin `tsdown:report`. See https://rolldown.rs/options/checks#plugintimings for more details.

[33m[PLUGIN_TIMINGS] [0mYour build spent significant time in plugin `tsdown:report`. See https://rolldown.rs/options/checks#plugintimings for more details.

[33m[PLUGIN_TIMINGS] [0mYour build spent significant time in plugin `tsdown:report`. See https://rolldown.rs/options/checks#plugintimings for more details.

[33m[PLUGIN_TIMINGS] [0mYour build spent significant time in plugin `tsdown:report`. See https://rolldown.rs/options/checks#plugintimings for more details.

[33m[PLUGIN_TIMINGS] [0mYour build spent significant time in plugin `tsdown:report`. See https://rolldown.rs/options/checks#plugintimings for more details.

[33m[PLUGIN_TIMINGS] [0mYour build spent significant time in plugin `tsdown:report`. See https://rolldown.rs/options/checks#plugintimings for more details.

[33m[PLUGIN_TIMINGS] [0mYour build spent significant time in plugin `tsdown:report`. See https://rolldown.rs/options/checks#plugintimings for more details.

[33m[PLUGIN_TIMINGS] [0mYour build spent significant time in plugin `tsdown:report`. See https://rolldown.rs/options/checks#plugintimings for more details.

[33m[PLUGIN_TIMINGS] [0mYour build spent significant time in plugin `tsdown:report`. See https://rolldown.rs/options/checks#plugintimings for more details.

[33m[PLUGIN_TIMINGS] [0mYour build spent significant time in plugin `tsdown:report`. See https://rolldown.rs/options/checks#plugintimings for more details.

[33m[PLUGIN_TIMINGS] [0mYour build spent significant time in plugin `tsdown:report`. See https://rolldown.rs/options/checks#plugintimings for more details.

[33m[PLUGIN_TIMINGS] [0mYour build spent significant time in plugin `tsdown:report`. See https://rolldown.rs/options/checks#plugintimings for more details.

[33m[PLUGIN_TIMINGS] [0mYour build spent significant time in plugin `tsdown:report`. See https://rolldown.rs/options/checks#plugintimings for more details.

[33m[PLUGIN_TIMINGS] [0mYour build spent significant time in plugin `tsdown:report`. See https://rolldown.rs/options/checks#plugintimings for more details.

[33m[PLUGIN_TIMINGS] [0mYour build spent significant time in plugin `tsdown:report`. See https://rolldown.rs/options/checks#plugintimings for more details.

[33m[PLUGIN_TIMINGS] [0mYour build spent significant time in plugin `tsdown:report`. See https://rolldown.rs/options/checks#plugintimings for more details.

[33m[PLUGIN_TIMINGS] [0mYour build spent significant time in plugin `tsdown:report`. See https://rolldown.rs/options/checks#plugintimings for more details.

[33m[PLUGIN_TIMINGS] [0mYour build spent significant time in plugin `tsdown:report`. See https://rolldown.rs/options/checks#plugintimings for more details.

[33m[PLUGIN_TIMINGS] [0mYour build spent significant time in plugin `tsdown:report`. See https://rolldown.rs/options/checks#plugintimings for more details.

[33m[PLUGIN_TIMINGS] [0mYour build spent significant time in plugin `tsdown:report`. See https://rolldown.rs/options/checks#plugintimings for more details.

[33m[PLUGIN_TIMINGS] [0mYour build spent significant time in plugin `tsdown:report`. See https://rolldown.rs/options/checks#plugintimings for more details.

[33m[PLUGIN_TIMINGS] [0mYour build spent significant time in plugin `tsdown:report`. See https://rolldown.rs/options/checks#plugintimings for more details.

[33m[PLUGIN_TIMINGS] [0mYour build spent significant time in plugin `tsdown:report`. See https://rolldown.rs/options/checks#plugintimings for more details.

[33m[PLUGIN_TIMINGS] [0mYour build spent significant time in plugins. Here is a breakdown:
  - tsdown:report (71%)
  - tsdown:deps (24%)
See https://rolldown.rs/options/checks#plugintimings for more details.

[33m[PLUGIN_TIMINGS] [0mYour build spent significant time in plugin `tsdown:report`. See https://rolldown.rs/options/checks#plugintimings for more details.

[33m[PLUGIN_TIMINGS] [0mYour build spent significant time in plugin `tsdown:report`. See https://rolldown.rs/options/checks#plugintimings for more details.

[33m[PLUGIN_TIMINGS] [0mYour build spent significant time in plugin `tsdown:report`. See https://rolldown.rs/options/checks#plugintimings for more details.

[33m[PLUGIN_TIMINGS] [0mYour build spent significant time in plugin `tsdown:report`. See https://rolldown.rs/options/checks#plugintimings for more details.

[33m[PLUGIN_TIMINGS] [0mYour build spent significant time in plugin `tsdown:report`. See https://rolldown.rs/options/checks#plugintimings for more details.

[33m[PLUGIN_TIMINGS] [0mYour build spent significant time in plugin `tsdown:report`. See https://rolldown.rs/options/checks#plugintimings for more details.

[33m[PLUGIN_TIMINGS] [0mYour build spent significant time in plugin `tsdown:report`. See https://rolldown.rs/options/checks#plugintimings for more details.

[33m[PLUGIN_TIMINGS] [0mYour build spent significant time in plugin `tsdown:report`. See https://rolldown.rs/options/checks#plugintimings for more details.

[33m[PLUGIN_TIMINGS] [0mYour build spent significant time in plugin `tsdown:report`. See https://rolldown.rs/options/checks#plugintimings for more details.

[33m[PLUGIN_TIMINGS] [0mYour build spent significant time in plugin `tsdown:report`. See https://rolldown.rs/options/checks#plugintimings for more details.

[33m[PLUGIN_TIMINGS] [0mYour build spent significant time in plugin `tsdown:report`. See https://rolldown.rs/options/checks#plugintimings for more details.

[33m[PLUGIN_TIMINGS] [0mYour build spent significant time in plugin `tsdown:report`. See https://rolldown.rs/options/checks#plugintimings for more details.

[33m[PLUGIN_TIMINGS] [0mYour build spent significant time in plugin `tsdown:report`. See https://rolldown.rs/options/checks#plugintimings for more details.

[33m[PLUGIN_TIMINGS] [0mYour build spent significant time in plugin `tsdown:report`. See https://rolldown.rs/options/checks#plugintimings for more details.

[33m[PLUGIN_TIMINGS] [0mYour build spent significant time in plugin `tsdown:report`. See https://rolldown.rs/options/checks#plugintimings for more details.

[33m[PLUGIN_TIMINGS] [0mYour build spent significant time in plugin `tsdown:report`. See https://rolldown.rs/options/checks#plugintimings for more details.

[33m[PLUGIN_TIMINGS] [0mYour build spent significant time in plugin `tsdown:report`. See https://rolldown.rs/options/checks#plugintimings for more details.

[33m[PLUGIN_TIMINGS] [0mYour build spent significant time in plugin `tsdown:report`. See https://rolldown.rs/options/checks#plugintimings for more details.

[33m[PLUGIN_TIMINGS] [0mYour build spent significant time in plugin `tsdown:report`. See https://rolldown.rs/options/checks#plugintimings for more details.

[33m[PLUGIN_TIMINGS] [0mYour build spent significant time in plugin `tsdown:report`. See https://rolldown.rs/options/checks#plugintimings for more details.

[33m[PLUGIN_TIMINGS] [0mYour build spent significant time in plugin `tsdown:report`. See https://rolldown.rs/options/checks#plugintimings for more details.

[33m[PLUGIN_TIMINGS] [0mYour build spent significant time in plugin `tsdown:report`. See https://rolldown.rs/options/checks#plugintimings for more details.

[33m[PLUGIN_TIMINGS] [0mYour build spent significant time in plugin `tsdown:report`. See https://rolldown.rs/options/checks#plugintimings for more details.

[33m[PLUGIN_TIMINGS] [0mYour build spent significant time in plugin `tsdown:report`. See https://rolldown.rs/options/checks#plugintimings for more details.

[33m[PLUGIN_TIMINGS] [0mYour build spent significant time in plugin `tsdown:report`. See https://rolldown.rs/options/checks#plugintimings for more details.

[33m[PLUGIN_TIMINGS] [0mYour build spent significant time in plugin `tsdown:report`. See https://rolldown.rs/options/checks#plugintimings for more details.

[33m[PLUGIN_TIMINGS] [0mYour build spent significant time in plugin `tsdown:report`. See https://rolldown.rs/options/checks#plugintimings for more details.

[33m[PLUGIN_TIMINGS] [0mYour build spent significant time in plugin `tsdown:report`. See https://rolldown.rs/options/checks#plugintimings for more details.

[33m[PLUGIN_TIMINGS] [0mYour build spent significant time in plugin `tsdown:report`. See https://rolldown.rs/options/checks#plugintimings for more details.

[33m[PLUGIN_TIMINGS] [0mYour build spent significant time in plugin `tsdown:report`. See https://rolldown.rs/options/checks#plugintimings for more details.

[33m[PLUGIN_TIMINGS] [0mYour build spent significant time in plugin `tsdown:report`. See https://rolldown.rs/options/checks#plugintimings for more details.

[33m[PLUGIN_TIMINGS] [0mYour build spent significant time in plugin `tsdown:report`. See https://rolldown.rs/options/checks#plugintimings for more details.

[33m[PLUGIN_TIMINGS] [0mYour build spent significant time in plugin `tsdown:report`. See https://rolldown.rs/options/checks#plugintimings for more details.

[33m[PLUGIN_TIMINGS] [0mYour build spent significant time in plugin `tsdown:report`. See https://rolldown.rs/options/checks#plugintimings for more details.

[33m[PLUGIN_TIMINGS] [0mYour build spent significant time in plugin `tsdown:report`. See https://rolldown.rs/options/checks#plugintimings for more details.

[33m[PLUGIN_TIMINGS] [0mYour build spent significant time in plugin `tsdown:report`. See https://rolldown.rs/options/checks#plugintimings for more details.

[33m[PLUGIN_TIMINGS] [0mYour build spent significant time in plugin `tsdown:report`. See https://rolldown.rs/options/checks#plugintimings for more details.

[33m[PLUGIN_TIMINGS] [0mYour build spent significant time in plugin `tsdown:report`. See https://rolldown.rs/options/checks#plugintimings for more details.

[33m[PLUGIN_TIMINGS] [0mYour build spent significant time in plugin `tsdown:report`. See https://rolldown.rs/options/checks#plugintimings for more details.

[33m[PLUGIN_TIMINGS] [0mYour build spent significant time in plugin `tsdown:report`. See https://rolldown.rs/options/checks#plugintimings for more details.

[33m[PLUGIN_TIMINGS] [0mYour build spent significant time in plugin `tsdown:report`. See https://rolldown.rs/options/checks#plugintimings for more details.

[33m[PLUGIN_TIMINGS] [0mYour build spent significant time in plugin `tsdown:report`. See https://rolldown.rs/options/checks#plugintimings for more details.

[33m[PLUGIN_TIMINGS] [0mYour build spent significant time in plugin `tsdown:report`. See https://rolldown.rs/options/checks#plugintimings for more details.

[33m[PLUGIN_TIMINGS] [0mYour build spent significant time in plugin `tsdown:report`. See https://rolldown.rs/options/checks#plugintimings for more details.

[33m[PLUGIN_TIMINGS] [0mYour build spent significant time in plugin `tsdown:report`. See https://rolldown.rs/options/checks#plugintimings for more details.

[33m[PLUGIN_TIMINGS] [0mYour build spent significant time in plugin `tsdown:report`. See https://rolldown.rs/options/checks#plugintimings for more details.

[33m[PLUGIN_TIMINGS] [0mYour build spent significant time in plugin `tsdown:report`. See https://rolldown.rs/options/checks#plugintimings for more details.

[33m[PLUGIN_TIMINGS] [0mYour build spent significant time in plugin `tsdown:report`. See https://rolldown.rs/options/checks#plugintimings for more details.

[33m[PLUGIN_TIMINGS] [0mYour build spent significant time in plugin `tsdown:report`. See https://rolldown.rs/options/checks#plugintimings for more details.

[33m[PLUGIN_TIMINGS] [0mYour build spent significant time in plugin `tsdown:report`. See https://rolldown.rs/options/checks#plugintimings for more details.

[33m[PLUGIN_TIMINGS] [0mYour build spent significant time in plugin `tsdown:report`. See https://rolldown.rs/options/checks#plugintimings for more details.

[33m[PLUGIN_TIMINGS] [0mYour build spent significant time in plugin `tsdown:report`. See https://rolldown.rs/options/checks#plugintimings for more details.

[33m[PLUGIN_TIMINGS] [0mYour build spent significant time in plugin `tsdown:report`. See https://rolldown.rs/options/checks#plugintimings for more details.

[33m[PLUGIN_TIMINGS] [0mYour build spent significant time in plugin `tsdown:report`. See https://rolldown.rs/options/checks#plugintimings for more details.

[33m[PLUGIN_TIMINGS] [0mYour build spent significant time in plugin `tsdown:report`. See https://rolldown.rs/options/checks#plugintimings for more details.

[33m[PLUGIN_TIMINGS] [0mYour build spent significant time in plugin `tsdown:report`. See https://rolldown.rs/options/checks#plugintimings for more details.

[33m[PLUGIN_TIMINGS] [0mYour build spent significant time in plugin `tsdown:report`. See https://rolldown.rs/options/checks#plugintimings for more details.

[33m[PLUGIN_TIMINGS] [0mYour build spent significant time in plugin `tsdown:report`. See https://rolldown.rs/options/checks#plugintimings for more details.

[33m[PLUGIN_TIMINGS] [0mYour build spent significant time in plugin `tsdown:report`. See https://rolldown.rs/options/checks#plugintimings for more details.

[33m[PLUGIN_TIMINGS] [0mYour build spent significant time in plugin `tsdown:report`. See https://rolldown.rs/options/checks#plugintimings for more details.

[33m[PLUGIN_TIMINGS] [0mYour build spent significant time in plugin `tsdown:report`. See https://rolldown.rs/options/checks#plugintimings for more details.

[33m[PLUGIN_TIMINGS] [0mYour build spent significant time in plugin `tsdown:report`. See https://rolldown.rs/options/checks#plugintimings for more details.

[33m[PLUGIN_TIMINGS] [0mYour build spent significant time in plugin `tsdown:report`. See https://rolldown.rs/options/checks#plugintimings for more details.

[33m[PLUGIN_TIMINGS] [0mYour build spent significant time in plugin `tsdown:report`. See https://rolldown.rs/options/checks#plugintimings for more details.

[33m[PLUGIN_TIMINGS] [0mYour build spent significant time in plugin `tsdown:report`. See https://rolldown.rs/options/checks#plugintimings for more details.

[33m[PLUGIN_TIMINGS] [0mYour build spent significant time in plugin `tsdown:report`. See https://rolldown.rs/options/checks#plugintimings for more details.

[33m[PLUGIN_TIMINGS] [0mYour build spent significant time in plugin `tsdown:report`. See https://rolldown.rs/options/checks#plugintimings for more details.

[33m[PLUGIN_TIMINGS] [0mYour build spent significant time in plugin `tsdown:report`. See https://rolldown.rs/options/checks#plugintimings for more details.

[33m[PLUGIN_TIMINGS] [0mYour build spent significant time in plugin `tsdown:report`. See https://rolldown.rs/options/checks#plugintimings for more details.

[33m[PLUGIN_TIMINGS] [0mYour build spent significant time in plugin `tsdown:report`. See https://rolldown.rs/options/checks#plugintimings for more details.

[33m[PLUGIN_TIMINGS] [0mYour build spent significant time in plugin `tsdown:report`. See https://rolldown.rs/options/checks#plugintimings for more details.

[33m[PLUGIN_TIMINGS] [0mYour build spent significant time in plugin `tsdown:report`. See https://rolldown.rs/options/checks#plugintimings for more details.

[33m[PLUGIN_TIMINGS] [0mYour build spent significant time in plugin `tsdown:report`. See https://rolldown.rs/options/checks#plugintimings for more details.

[33m[PLUGIN_TIMINGS] [0mYour build spent significant time in plugin `tsdown:report`. See https://rolldown.rs/options/checks#plugintimings for more details.

[33m[PLUGIN_TIMINGS] [0mYour build spent significant time in plugin `tsdown:report`. See https://rolldown.rs/options/checks#plugintimings for more details.

[33m[PLUGIN_TIMINGS] [0mYour build spent significant time in plugin `tsdown:report`. See https://rolldown.rs/options/checks#plugintimings for more details.

[33m[PLUGIN_TIMINGS] [0mYour build spent significant time in plugin `tsdown:report`. See https://rolldown.rs/options/checks#plugintimings for more details.

[33m[PLUGIN_TIMINGS] [0mYour build spent significant time in plugin `tsdown:report`. See https://rolldown.rs/options/checks#plugintimings for more details.

[33m[PLUGIN_TIMINGS] [0mYour build spent significant time in plugin `tsdown:report`. See https://rolldown.rs/options/checks#plugintimings for more details.

[33m[PLUGIN_TIMINGS] [0mYour build spent significant time in plugin `tsdown:report`. See https://rolldown.rs/options/checks#plugintimings for more details.

[33m[PLUGIN_TIMINGS] [0mYour build spent significant time in plugin `tsdown:report`. See https://rolldown.rs/options/checks#plugintimings for more details.

[33m[PLUGIN_TIMINGS] [0mYour build spent significant time in plugin `tsdown:report`. See https://rolldown.rs/options/checks#plugintimings for more details.

[33m[PLUGIN_TIMINGS] [0mYour build spent significant time in plugin `tsdown:report`. See https://rolldown.rs/options/checks#plugintimings for more details.

[33m[PLUGIN_TIMINGS] [0mYour build spent significant time in plugin `tsdown:report`. See https://rolldown.rs/options/checks#plugintimings for more details.

[33m[PLUGIN_TIMINGS] [0mYour build spent significant time in plugin `tsdown:report`. See https://rolldown.rs/options/checks#plugintimings for more details.

[33m[PLUGIN_TIMINGS] [0mYour build spent significant time in plugin `tsdown:report`. See https://rolldown.rs/options/checks#plugintimings for more details.

[33m[PLUGIN_TIMINGS] [0mYour build spent significant time in plugin `tsdown:report`. See https://rolldown.rs/options/checks#plugintimings for more details.

[33m[PLUGIN_TIMINGS] [0mYour build spent significant time in plugin `tsdown:report`. See https://rolldown.rs/options/checks#plugintimings for more details.

[33m[PLUGIN_TIMINGS] [0mYour build spent significant time in plugin `tsdown:report`. See https://rolldown.rs/options/checks#plugintimings for more details.

[33m[PLUGIN_TIMINGS] [0mYour build spent significant time in plugin `tsdown:report`. See https://rolldown.rs/options/checks#plugintimings for more details.

[33m[PLUGIN_TIMINGS] [0mYour build spent significant time in plugin `tsdown:report`. See https://rolldown.rs/options/checks#plugintimings for more details.

[33m[PLUGIN_TIMINGS] [0mYour build spent significant time in plugin `tsdown:report`. See https://rolldown.rs/options/checks#plugintimings for more details.

[33m[PLUGIN_TIMINGS] [0mYour build spent significant time in plugin `tsdown:report`. See https://rolldown.rs/options/checks#plugintimings for more details.

[33m[PLUGIN_TIMINGS] [0mYour build spent significant time in plugin `tsdown:report`. See https://rolldown.rs/options/checks#plugintimings for more details.

[33m[PLUGIN_TIMINGS] [0mYour build spent significant time in plugin `tsdown:report`. See https://rolldown.rs/options/checks#plugintimings for more details.

[33m[PLUGIN_TIMINGS] [0mYour build spent significant time in plugin `tsdown:report`. See https://rolldown.rs/options/checks#plugintimings for more details.

[33m[PLUGIN_TIMINGS] [0mYour build spent significant time in plugin `tsdown:report`. See https://rolldown.rs/options/checks#plugintimings for more details.

[33m[PLUGIN_TIMINGS] [0mYour build spent significant time in plugin `tsdown:report`. See https://rolldown.rs/options/checks#plugintimings for more details.

[33m[PLUGIN_TIMINGS] [0mYour build spent significant time in plugin `tsdown:report`. See https://rolldown.rs/options/checks#plugintimings for more details.

[33m[PLUGIN_TIMINGS] [0mYour build spent significant time in plugin `tsdown:report`. See https://rolldown.rs/options/checks#plugintimings for more details.

[33m[PLUGIN_TIMINGS] [0mYour build spent significant time in plugin `tsdown:report`. See https://rolldown.rs/options/checks#plugintimings for more details.

[33m[PLUGIN_TIMINGS] [0mYour build spent significant time in plugin `tsdown:report`. See https://rolldown.rs/options/checks#plugintimings for more details.

[33m[PLUGIN_TIMINGS] [0mYour build spent significant time in plugin `tsdown:report`. See https://rolldown.rs/options/checks#plugintimings for more details.

[33m[PLUGIN_TIMINGS] [0mYour build spent significant time in plugin `tsdown:report`. See https://rolldown.rs/options/checks#plugintimings for more details.

[33m[PLUGIN_TIMINGS] [0mYour build spent significant time in plugin `tsdown:report`. See https://rolldown.rs/options/checks#plugintimings for more details.

[33m[PLUGIN_TIMINGS] [0mYour build spent significant time in plugin `tsdown:report`. See https://rolldown.rs/options/checks#plugintimings for more details.

[33m[PLUGIN_TIMINGS] [0mYour build spent significant time in plugin `tsdown:report`. See https://rolldown.rs/options/checks#plugintimings for more details.

[33m[PLUGIN_TIMINGS] [0mYour build spent significant time in plugin `tsdown:report`. See https://rolldown.rs/options/checks#plugintimings for more details.

[33m[PLUGIN_TIMINGS] [0mYour build spent significant time in plugin `tsdown:report`. See https://rolldown.rs/options/checks#plugintimings for more details.

[33m[PLUGIN_TIMINGS] [0mYour build spent significant time in plugin `tsdown:report`. See https://rolldown.rs/options/checks#plugintimings for more details.

[33m[PLUGIN_TIMINGS] [0mYour build spent significant time in plugin `tsdown:report`. See https://rolldown.rs/options/checks#plugintimings for more details.

[33m[PLUGIN_TIMINGS] [0mYour build spent significant time in plugin `tsdown:shebang`. See https://rolldown.rs/options/checks#plugintimings for more details.

[33m[PLUGIN_TIMINGS] [0mYour build spent significant time in plugin `tsdown:shebang`. See https://rolldown.rs/options/checks#plugintimings for more details.

[33m[PLUGIN_TIMINGS] [0mYour build spent significant time in plugin `tsdown:shebang`. See https://rolldown.rs/options/checks#plugintimings for more details.

[33m[PLUGIN_TIMINGS] [0mYour build spent significant time in plugin `tsdown:shebang`. See https://rolldown.rs/options/checks#plugintimings for more details.

[33m[PLUGIN_TIMINGS] [0mYour build spent significant time in plugin `tsdown:report`. See https://rolldown.rs/options/checks#plugintimings for more details.

[33m[PLUGIN_TIMINGS] [0mYour build spent significant time in plugin `tsdown:report`. See https://rolldown.rs/options/checks#plugintimings for more details.

[33m[PLUGIN_TIMINGS] [0mYour build spent significant time in plugin `tsdown:report`. See https://rolldown.rs/options/checks#plugintimings for more details.

[33m[PLUGIN_TIMINGS] [0mYour build spent significant time in plugin `tsdown:report`. See https://rolldown.rs/options/checks#plugintimings for more details.

[33m[PLUGIN_TIMINGS] [0mYour build spent significant time in plugin `tsdown:report`. See https://rolldown.rs/options/checks#plugintimings for more details.

[33m[PLUGIN_TIMINGS] [0mYour build spent significant time in plugin `tsdown:report`. See https://rolldown.rs/options/checks#plugintimings for more details.

[33m[PLUGIN_TIMINGS] [0mYour build spent significant time in plugin `tsdown:shebang`. See https://rolldown.rs/options/checks#plugintimings for more details.

[33m[PLUGIN_TIMINGS] [0mYour build spent significant time in plugin `tsdown:report`. See https://rolldown.rs/options/checks#plugintimings for more details.

[33m[PLUGIN_TIMINGS] [0mYour build spent significant time in plugin `tsdown:report`. See https://rolldown.rs/options/checks#plugintimings for more details.

[33m[PLUGIN_TIMINGS] [0mYour build spent significant time in plugin `tsdown:report`. See https://rolldown.rs/options/checks#plugintimings for more details.

[33m[PLUGIN_TIMINGS] [0mYour build spent significant time in plugin `dsh-typert-generator`. See https://rolldown.rs/options/checks#plugintimings for more details.

[33m[PLUGIN_TIMINGS] [0mYour build spent significant time in plugin `dsh-typert-generator`. See https://rolldown.rs/options/checks#plugintimings for more details.

[33m[PLUGIN_TIMINGS] [0mYour build spent significant time in plugin `tsdown:report`. See https://rolldown.rs/options/checks#plugintimings for more details.

[33m[PLUGIN_TIMINGS] [0mYour build spent significant time in plugin `tsdown:report`. See https://rolldown.rs/options/checks#plugintimings for more details.

[33m[PLUGIN_TIMINGS] [0mYour build spent significant time in plugin `tsdown:report`. See https://rolldown.rs/options/checks#plugintimings for more details.

[33m[PLUGIN_TIMINGS] [0mYour build spent significant time in plugin `tsdown:report`. See https://rolldown.rs/options/checks#plugintimings for more details.

[33m[PLUGIN_TIMINGS] [0mYour build spent significant time in plugin `tsdown:report`. See https://rolldown.rs/options/checks#plugintimings for more details.

[33m[PLUGIN_TIMINGS] [0mYour build spent significant time in plugin `tsdown:report`. See https://rolldown.rs/options/checks#plugintimings for more details.

[33m[PLUGIN_TIMINGS] [0mYour build spent significant time in plugin `tsdown:report`. See https://rolldown.rs/options/checks#plugintimings for more details.

[33m[PLUGIN_TIMINGS] [0mYour build spent significant time in plugin `tsdown:report`. See https://rolldown.rs/options/checks#plugintimings for more details.

[33m[PLUGIN_TIMINGS] [0mYour build spent significant time in plugin `tsdown:report`. See https://rolldown.rs/options/checks#plugintimings for more details.

[33m[PLUGIN_TIMINGS] [0mYour build spent significant time in plugin `tsdown:report`. See https://rolldown.rs/options/checks#plugintimings for more details.

[33m[PLUGIN_TIMINGS] [0mYour build spent significant time in plugin `tsdown:report`. See https://rolldown.rs/options/checks#plugintimings for more details.

[33m[PLUGIN_TIMINGS] [0mYour build spent significant time in plugin `tsdown:report`. See https://rolldown.rs/options/checks#plugintimings for more details.

[33m[PLUGIN_TIMINGS] [0mYour build spent significant time in plugin `tsdown:report`. See https://rolldown.rs/options/checks#plugintimings for more details.

[33m[PLUGIN_TIMINGS] [0mYour build spent significant time in plugin `tsdown:report`. See https://rolldown.rs/options/checks#plugintimings for more details.

[33m[PLUGIN_TIMINGS] [0mYour build spent significant time in plugin `tsdown:report`. See https://rolldown.rs/options/checks#plugintimings for more details.

[33m[PLUGIN_TIMINGS] [0mYour build spent significant time in plugin `tsdown:report`. See https://rolldown.rs/options/checks#plugintimings for more details.

[33m[PLUGIN_TIMINGS] [0mYour build spent significant time in plugin `dsh-typert-generator`. See https://rolldown.rs/options/checks#plugintimings for more details.

[33m[PLUGIN_TIMINGS] [0mYour build spent significant time in plugin `tsdown:report`. See https://rolldown.rs/options/checks#plugintimings for more details.

[33m[PLUGIN_TIMINGS] [0mYour build spent significant time in plugin `dsh-typert-generator`. See https://rolldown.rs/options/checks#plugintimings for more details.

[33m[PLUGIN_TIMINGS] [0mYour build spent significant time in plugins. Here is a breakdown:
  - tsdown:shebang (70%)
  - dsh-typert-generator (21%)
See https://rolldown.rs/options/checks#plugintimings for more details.

[33m[PLUGIN_TIMINGS] [0mYour build spent significant time in plugin `tsdown:report`. See https://rolldown.rs/options/checks#plugintimings for more details.

[33m[PLUGIN_TIMINGS] [0mYour build spent significant time in plugin `tsdown:report`. See https://rolldown.rs/options/checks#plugintimings for more details.

[33m[PLUGIN_TIMINGS] [0mYour build spent significant time in plugins. Here is a breakdown:
  - tsdown:report (69%)
  - tsdown:deps (21%)
See https://rolldown.rs/options/checks#plugintimings for more details.

[33m[PLUGIN_TIMINGS] [0mYour build spent significant time in plugins. Here is a breakdown:
  - tsdown:report (62%)
  - tsdown:deps (28%)
See https://rolldown.rs/options/checks#plugintimings for more details.

[33m[PLUGIN_TIMINGS] [0mYour build spent significant time in plugins. Here is a breakdown:
  - tsdown:report (71%)
  - tsdown:deps (20%)
See https://rolldown.rs/options/checks#plugintimings for more details.

[33m[PLUGIN_TIMINGS] [0mYour build spent significant time in plugin `dsh-typert-generator`. See https://rolldown.rs/options/checks#plugintimings for more details.

[33m[PLUGIN_TIMINGS] [0mYour build spent significant time in plugin `dsh-typert-generator`. See https://rolldown.rs/options/checks#plugintimings for more details.

[33m[PLUGIN_TIMINGS] [0mYour build spent significant time in plugin `tsdown:report`. See https://rolldown.rs/options/checks#plugintimings for more details.

[33m[PLUGIN_TIMINGS] [0mYour build spent significant time in plugin `tsdown:report`. See https://rolldown.rs/options/checks#plugintimings for more details.

[33m[PLUGIN_TIMINGS] [0mYour build spent significant time in plugins. Here is a breakdown:
  - tsdown:deps (48%)
  - dsh-typert-generator (47%)
See https://rolldown.rs/options/checks#plugintimings for more details.

[33m[PLUGIN_TIMINGS] [0mYour build spent significant time in plugin `tsdown:deps`. See https://rolldown.rs/options/checks#plugintimings for more details.

[33m[PLUGIN_TIMINGS] [0mYour build spent significant time in plugin `tsdown:shebang`. See https://rolldown.rs/options/checks#plugintimings for more details.

[33m[PLUGIN_TIMINGS] [0mYour build spent significant time in plugin `tsdown:shebang`. See https://rolldown.rs/options/checks#plugintimings for more details.

[33m[PLUGIN_TIMINGS] [0mYour build spent significant time in plugin `tsdown:deps`. See https://rolldown.rs/options/checks#plugintimings for more details.

[33m[PLUGIN_TIMINGS] [0mYour build spent significant time in plugin `tsdown:shebang`. See https://rolldown.rs/options/checks#plugintimings for more details.

[33m[PLUGIN_TIMINGS] [0mYour build spent significant time in plugin `tsdown:deps`. See https://rolldown.rs/options/checks#plugintimings for more details.

[33m[PLUGIN_TIMINGS] [0mYour build spent significant time in plugin `tsdown:shebang`. See https://rolldown.rs/options/checks#plugintimings for more details.

[33m[PLUGIN_TIMINGS] [0mYour build spent significant time in plugin `tsdown:deps`. See https://rolldown.rs/options/checks#plugintimings for more details.

[33m[PLUGIN_TIMINGS] [0mYour build spent significant time in plugin `dsh-typert-generator`. See https://rolldown.rs/options/checks#plugintimings for more details.

[33m[PLUGIN_TIMINGS] [0mYour build spent significant time in plugin `tsdown:shebang`. See https://rolldown.rs/options/checks#plugintimings for more details.

[33m[PLUGIN_TIMINGS] [0mYour build spent significant time in plugin `tsdown:shebang`. See https://rolldown.rs/options/checks#plugintimings for more details.

[33m[PLUGIN_TIMINGS] [0mYour build spent significant time in plugin `tsdown:deps`. See https://rolldown.rs/options/checks#plugintimings for more details.

[33m[PLUGIN_TIMINGS] [0mYour build spent significant time in plugins. Here is a breakdown:
  - tsdown:deps (71%)
  - dsh-typert-generator (27%)
See https://rolldown.rs/options/checks#plugintimings for more details.

[33m[PLUGIN_TIMINGS] [0mYour build spent significant time in plugin `dsh-typert-generator`. See https://rolldown.rs/options/checks#plugintimings for more details.

[33m[PLUGIN_TIMINGS] [0mYour build spent significant time in plugins. Here is a breakdown:
  - dsh-typert-generator (57%)
  - tsdown:deps (36%)
See https://rolldown.rs/options/checks#plugintimings for more details.

[33m[PLUGIN_TIMINGS] [0mYour build spent significant time in plugins. Here is a breakdown:
  - dsh-typert-generator (56%)
  - tsdown:deps (42%)
See https://rolldown.rs/options/checks#plugintimings for more details.

[33m[PLUGIN_TIMINGS] [0mYour build spent significant time in plugin `dsh-typert-generator`. See https://rolldown.rs/options/checks#plugintimings for more details.

[33m[PLUGIN_TIMINGS] [0mYour build spent significant time in plugin `tsdown:shebang`. See https://rolldown.rs/options/checks#plugintimings for more details.

[33m[PLUGIN_TIMINGS] [0mYour build spent significant time in plugins. Here is a breakdown:
  - dsh-typert-generator (49%)
  - tsdown:deps (48%)
See https://rolldown.rs/options/checks#plugintimings for more details.

[33m[PLUGIN_TIMINGS] [0mYour build spent significant time in plugin `dsh-typert-generator`. See https://rolldown.rs/options/checks#plugintimings for more details.

[33m[PLUGIN_TIMINGS] [0mYour build spent significant time in plugins. Here is a breakdown:
  - dsh-typert-generator (64%)
  - tsdown:deps (31%)
See https://rolldown.rs/options/checks#plugintimings for more details.

[33m[PLUGIN_TIMINGS] [0mYour build spent significant time in plugin `dsh-typert-generator`. See https://rolldown.rs/options/checks#plugintimings for more details.

[33m[PLUGIN_TIMINGS] [0mYour build spent significant time in plugin `tsdown:deps`. See https://rolldown.rs/options/checks#plugintimings for more details.

[33m[PLUGIN_TIMINGS] [0mYour build spent significant time in plugin `tsdown:deps`. See https://rolldown.rs/options/checks#plugintimings for more details.

[33m[PLUGIN_TIMINGS] [0mYour build spent significant time in plugin `tsdown:deps`. See https://rolldown.rs/options/checks#plugintimings for more details.

[33m[PLUGIN_TIMINGS] [0mYour build spent significant time in plugin `tsdown:deps`. See https://rolldown.rs/options/checks#plugintimings for more details.

[33m[PLUGIN_TIMINGS] [0mYour build spent significant time in plugin `tsdown:deps`. See https://rolldown.rs/options/checks#plugintimings for more details.

[33m[PLUGIN_TIMINGS] [0mYour build spent significant time in plugin `tsdown:deps`. See https://rolldown.rs/options/checks#plugintimings for more details.

[33m[PLUGIN_TIMINGS] [0mYour build spent significant time in plugin `tsdown:deps`. See https://rolldown.rs/options/checks#plugintimings for more details.

[33m[PLUGIN_TIMINGS] [0mYour build spent significant time in plugins. Here is a breakdown:
  - tsdown:deps (50%)
  - dsh-typert-generator (47%)
See https://rolldown.rs/options/checks#plugintimings for more details.

[33m[PLUGIN_TIMINGS] [0mYour build spent significant time in plugin `tsdown:deps`. See https://rolldown.rs/options/checks#plugintimings for more details.

[33m[PLUGIN_TIMINGS] [0mYour build spent significant time in plugin `tsdown:deps`. See https://rolldown.rs/options/checks#plugintimings for more details.

[33m[PLUGIN_TIMINGS] [0mYour build spent significant time in plugin `tsdown:deps`. See https://rolldown.rs/options/checks#plugintimings for more details.

[33m[PLUGIN_TIMINGS] [0mYour build spent significant time in plugin `tsdown:deps`. See https://rolldown.rs/options/checks#plugintimings for more details.

[33m[PLUGIN_TIMINGS] [0mYour build spent significant time in plugin `tsdown:deps`. See https://rolldown.rs/options/checks#plugintimings for more details.

[33m[PLUGIN_TIMINGS] [0mYour build spent significant time in plugin `tsdown:deps`. See https://rolldown.rs/options/checks#plugintimings for more details.

[33m[PLUGIN_TIMINGS] [0mYour build spent significant time in plugin `tsdown:deps`. See https://rolldown.rs/options/checks#plugintimings for more details.

[33m[PLUGIN_TIMINGS] [0mYour build spent significant time in plugin `tsdown:deps`. See https://rolldown.rs/options/checks#plugintimings for more details.

[33m[PLUGIN_TIMINGS] [0mYour build spent significant time in plugin `tsdown:deps`. See https://rolldown.rs/options/checks#plugintimings for more details.

[33m[PLUGIN_TIMINGS] [0mYour build spent significant time in plugins. Here is a breakdown:
  - dsh-typert-generator (62%)
  - tsdown:deps (34%)
See https://rolldown.rs/options/checks#plugintimings for more details.

[33m[PLUGIN_TIMINGS] [0mYour build spent significant time in plugins. Here is a breakdown:
  - tsdown:deps (60%)
  - dsh-typert-generator (38%)
See https://rolldown.rs/options/checks#plugintimings for more details.

[33m[PLUGIN_TIMINGS] [0mYour build spent significant time in plugins. Here is a breakdown:
  - dsh-typert-generator (62%)
  - tsdown:deps (34%)
See https://rolldown.rs/options/checks#plugintimings for more details.

[33m[PLUGIN_TIMINGS] [0mYour build spent significant time in plugins. Here is a breakdown:
  - dsh-typert-generator (59%)
  - tsdown:deps (38%)
See https://rolldown.rs/options/checks#plugintimings for more details.

[33m[PLUGIN_TIMINGS] [0mYour build spent significant time in plugins. Here is a breakdown:
  - dsh-typert-generator (50%)
  - tsdown:deps (47%)
See https://rolldown.rs/options/checks#plugintimings for more details.

[33m[PLUGIN_TIMINGS] [0mYour build spent significant time in plugins. Here is a breakdown:
  - dsh-typert-generator (56%)
  - tsdown:deps (40%)
See https://rolldown.rs/options/checks#plugintimings for more details.

[33m[PLUGIN_TIMINGS] [0mYour build spent significant time in plugin `dsh-typert-generator`. See https://rolldown.rs/options/checks#plugintimings for more details.

[33m[PLUGIN_TIMINGS] [0mYour build spent significant time in plugins. Here is a breakdown:
  - tsdown:deps (49%)
  - dsh-typert-generator (48%)
See https://rolldown.rs/options/checks#plugintimings for more details.

[33m[PLUGIN_TIMINGS] [0mYour build spent significant time in plugin `dsh-typert-generator`. See https://rolldown.rs/options/checks#plugintimings for more details.

[33m[PLUGIN_TIMINGS] [0mYour build spent significant time in plugins. Here is a breakdown:
  - dsh-typert-generator (58%)
  - tsdown:deps (38%)
See https://rolldown.rs/options/checks#plugintimings for more details.

[33m[PLUGIN_TIMINGS] [0mYour build spent significant time in plugin `tsdown:deps`. See https://rolldown.rs/options/checks#plugintimings for more details.

[33m[PLUGIN_TIMINGS] [0mYour build spent significant time in plugins. Here is a breakdown:
  - dsh-typert-generator (58%)
  - tsdown:deps (38%)
See https://rolldown.rs/options/checks#plugintimings for more details.

[33m[PLUGIN_TIMINGS] [0mYour build spent significant time in plugins. Here is a breakdown:
  - dsh-typert-generator (58%)
  - tsdown:deps (38%)
See https://rolldown.rs/options/checks#plugintimings for more details.

[33m[PLUGIN_TIMINGS] [0mYour build spent significant time in plugins. Here is a breakdown:
  - dsh-typert-generator (55%)
  - tsdown:deps (41%)
See https://rolldown.rs/options/checks#plugintimings for more details.

[33m[PLUGIN_TIMINGS] [0mYour build spent significant time in plugins. Here is a breakdown:
  - tsdown:deps (54%)
  - dsh-typert-generator (42%)
See https://rolldown.rs/options/checks#plugintimings for more details.

[33m[PLUGIN_TIMINGS] [0mYour build spent significant time in plugins. Here is a breakdown:
  - tsdown:deps (50%)
  - dsh-typert-generator (45%)
See https://rolldown.rs/options/checks#plugintimings for more details.

[33m[PLUGIN_TIMINGS] [0mYour build spent significant time in plugin `tsdown:deps`. See https://rolldown.rs/options/checks#plugintimings for more details.

[33m[PLUGIN_TIMINGS] [0mYour build spent significant time in plugin `tsdown:deps`. See https://rolldown.rs/options/checks#plugintimings for more details.

[33m[PLUGIN_TIMINGS] [0mYour build spent significant time in plugin `dsh-typert-generator`. See https://rolldown.rs/options/checks#plugintimings for more details.

[33m[PLUGIN_TIMINGS] [0mYour build spent significant time in plugin `tsdown:deps`. See https://rolldown.rs/options/checks#plugintimings for more details.

[33m[PLUGIN_TIMINGS] [0mYour build spent significant time in plugin `tsdown:deps`. See https://rolldown.rs/options/checks#plugintimings for more details.

[33m[PLUGIN_TIMINGS] [0mYour build spent significant time in plugin `tsdown:deps`. See https://rolldown.rs/options/checks#plugintimings for more details.

[33m[PLUGIN_TIMINGS] [0mYour build spent significant time in plugin `tsdown:deps`. See https://rolldown.rs/options/checks#plugintimings for more details.

[33m[PLUGIN_TIMINGS] [0mYour build spent significant time in plugin `tsdown:deps`. See https://rolldown.rs/options/checks#plugintimings for more details.

[33m[PLUGIN_TIMINGS] [0mYour build spent significant time in plugin `tsdown:deps`. See https://rolldown.rs/options/checks#plugintimings for more details.

[33m[PLUGIN_TIMINGS] [0mYour build spent significant time in plugin `tsdown:deps`. See https://rolldown.rs/options/checks#plugintimings for more details.

[33m[PLUGIN_TIMINGS] [0mYour build spent significant time in plugin `tsdown:deps`. See https://rolldown.rs/options/checks#plugintimings for more details.

[33m[PLUGIN_TIMINGS] [0mYour build spent significant time in plugin `tsdown:deps`. See https://rolldown.rs/options/checks#plugintimings for more details.

[33m[PLUGIN_TIMINGS] [0mYour build spent significant time in plugin `tsdown:deps`. See https://rolldown.rs/options/checks#plugintimings for more details.

[33m[PLUGIN_TIMINGS] [0mYour build spent significant time in plugin `tsdown:deps`. See https://rolldown.rs/options/checks#plugintimings for more details.

[33m[PLUGIN_TIMINGS] [0mYour build spent significant time in plugin `tsdown:deps`. See https://rolldown.rs/options/checks#plugintimings for more details.

[33m[PLUGIN_TIMINGS] [0mYour build spent significant time in plugins. Here is a breakdown:
  - dsh-typert-generator (50%)
  - tsdown:deps (47%)
See https://rolldown.rs/options/checks#plugintimings for more details.

[33m[PLUGIN_TIMINGS] [0mYour build spent significant time in plugins. Here is a breakdown:
  - tsdown:deps (64%)
  - dsh-typert-generator (35%)
See https://rolldown.rs/options/checks#plugintimings for more details.

[33m[PLUGIN_TIMINGS] [0mYour build spent significant time in plugin `tsdown:deps`. See https://rolldown.rs/options/checks#plugintimings for more details.

[33m[PLUGIN_TIMINGS] [0mYour build spent significant time in plugin `tsdown:deps`. See https://rolldown.rs/options/checks#plugintimings for more details.

[33m[PLUGIN_TIMINGS] [0mYour build spent significant time in plugin `tsdown:deps`. See https://rolldown.rs/options/checks#plugintimings for more details.

[33m[PLUGIN_TIMINGS] [0mYour build spent significant time in plugin `tsdown:deps`. See https://rolldown.rs/options/checks#plugintimings for more details.

[33m[PLUGIN_TIMINGS] [0mYour build spent significant time in plugin `tsdown:deps`. See https://rolldown.rs/options/checks#plugintimings for more details.

[33m[PLUGIN_TIMINGS] [0mYour build spent significant time in plugin `tsdown:deps`. See https://rolldown.rs/options/checks#plugintimings for more details.

[33m[PLUGIN_TIMINGS] [0mYour build spent significant time in plugin `tsdown:deps`. See https://rolldown.rs/options/checks#plugintimings for more details.

[33m[PLUGIN_TIMINGS] [0mYour build spent significant time in plugin `tsdown:deps`. See https://rolldown.rs/options/checks#plugintimings for more details.

[33m[PLUGIN_TIMINGS] [0mYour build spent significant time in plugin `tsdown:deps`. See https://rolldown.rs/options/checks#plugintimings for more details.

[33m[PLUGIN_TIMINGS] [0mYour build spent significant time in plugin `tsdown:deps`. See https://rolldown.rs/options/checks#plugintimings for more details.

[33m[PLUGIN_TIMINGS] [0mYour build spent significant time in plugin `tsdown:deps`. See https://rolldown.rs/options/checks#plugintimings for more details.

[33m[PLUGIN_TIMINGS] [0mYour build spent significant time in plugins. Here is a breakdown:
  - dsh-typert-generator (55%)
  - tsdown:deps (43%)
See https://rolldown.rs/options/checks#plugintimings for more details.

[33m[PLUGIN_TIMINGS] [0mYour build spent significant time in plugins. Here is a breakdown:
  - tsdown:deps (66%)
  - dsh-typert-generator (34%)
See https://rolldown.rs/options/checks#plugintimings for more details.

[33m[PLUGIN_TIMINGS] [0mYour build spent significant time in plugin `dsh-typert-generator`. See https://rolldown.rs/options/checks#plugintimings for more details.

[33m[PLUGIN_TIMINGS] [0mYour build spent significant time in plugin `tsdown:deps`. See https://rolldown.rs/options/checks#plugintimings for more details.

[33m[PLUGIN_TIMINGS] [0mYour build spent significant time in plugin `dsh-typert-generator`. See https://rolldown.rs/options/checks#plugintimings for more details.

[33m[PLUGIN_TIMINGS] [0mYour build spent significant time in plugin `dsh-typert-generator`. See https://rolldown.rs/options/checks#plugintimings for more details.

[33m[PLUGIN_TIMINGS] [0mYour build spent significant time in plugin `tsdown:deps`. See https://rolldown.rs/options/checks#plugintimings for more details.

[33m[PLUGIN_TIMINGS] [0mYour build spent significant time in plugin `dsh-typert-generator`. See https://rolldown.rs/options/checks#plugintimings for more details.

[33m[PLUGIN_TIMINGS] [0mYour build spent significant time in plugin `tsdown:deps`. See https://rolldown.rs/options/checks#plugintimings for more details.

[33m[PLUGIN_TIMINGS] [0mYour build spent significant time in plugin `dsh-typert-generator`. See https://rolldown.rs/options/checks#plugintimings for more details.

[33m[PLUGIN_TIMINGS] [0mYour build spent significant time in plugin `tsdown:deps`. See https://rolldown.rs/options/checks#plugintimings for more details.

[33m[PLUGIN_TIMINGS] [0mYour build spent significant time in plugin `tsdown:deps`. See https://rolldown.rs/options/checks#plugintimings for more details.

[33m[PLUGIN_TIMINGS] [0mYour build spent significant time in plugin `tsdown:deps`. See https://rolldown.rs/options/checks#plugintimings for more details.

[33m[PLUGIN_TIMINGS] [0mYour build spent significant time in plugin `tsdown:deps`. See https://rolldown.rs/options/checks#plugintimings for more details.

[33m[PLUGIN_TIMINGS] [0mYour build spent significant time in plugin `tsdown:deps`. See https://rolldown.rs/options/checks#plugintimings for more details.

[33m[PLUGIN_TIMINGS] [0mYour build spent significant time in plugin `tsdown:deps`. See https://rolldown.rs/options/checks#plugintimings for more details.

[33m[PLUGIN_TIMINGS] [0mYour build spent significant time in plugin `tsdown:deps`. See https://rolldown.rs/options/checks#plugintimings for more details.

[33m[PLUGIN_TIMINGS] [0mYour build spent significant time in plugin `tsdown:deps`. See https://rolldown.rs/options/checks#plugintimings for more details.

[33m[PLUGIN_TIMINGS] [0mYour build spent significant time in plugin `tsdown:deps`. See https://rolldown.rs/options/checks#plugintimings for more details.

[33m[PLUGIN_TIMINGS] [0mYour build spent significant time in plugin `tsdown:deps`. See https://rolldown.rs/options/checks#plugintimings for more details.

[33m[PLUGIN_TIMINGS] [0mYour build spent significant time in plugins. Here is a breakdown:
  - tsdown:deps (66%)
  - dsh-typert-generator (34%)
See https://rolldown.rs/options/checks#plugintimings for more details.

[33m[PLUGIN_TIMINGS] [0mYour build spent significant time in plugin `tsdown:deps`. See https://rolldown.rs/options/checks#plugintimings for more details.

[33m[PLUGIN_TIMINGS] [0mYour build spent significant time in plugin `tsdown:deps`. See https://rolldown.rs/options/checks#plugintimings for more details.

[33m[PLUGIN_TIMINGS] [0mYour build spent significant time in plugin `tsdown:deps`. See https://rolldown.rs/options/checks#plugintimings for more details.

[33m[PLUGIN_TIMINGS] [0mYour build spent significant time in plugin `tsdown:deps`. See https://rolldown.rs/options/checks#plugintimings for more details.

[33m[PLUGIN_TIMINGS] [0mYour build spent significant time in plugin `tsdown:deps`. See https://rolldown.rs/options/checks#plugintimings for more details.

npm warn Unknown env config "manage-package-manager-versions". This will stop working in the next major version of npm. See `npm help npmrc` for supported config options.
